// Jest Snapshot v1, https://goo.gl/fbAQLP

exports[`ChangeHomeRoute render 1`] = `
<EuiButtonEmpty
  iconType="home"
  onClick={[Function]}
  size="xs"
>
  <FormattedMessage
    defaultMessage="Change the landing page"
    id="home.changeHomeRouteLink"
    values={Object {}}
  />
</EuiButtonEmpty>
`;
